ABPASS                          = $1274 ; addr, local, , bas56k_asm, , bas56k.asm:2422
ABS                             = $18CB ; addr, local, , bas56k_asm, , bas56k.asm:3421
ACCSUM                          = $0AC0 ; addr, local, , bas56k_asm, , bas56k.asm:1320
ACPASS                          = $1273 ; addr, local, , bas56k_asm, , bas56k.asm:2421
ADD301                          = $1F94 ; addr, local, , bas56k_asm, , bas56k.asm:4429
ADD30                           = $1F83 ; addr, local, , bas56k_asm, , bas56k.asm:4418
ADDEXP                          = $185F ; addr, local, , bas56k_asm, , bas56k.asm:3355
ADDIG                           = $19FB ; addr, local, , bas56k_asm, , bas56k.asm:3629
ADDPHL                          = $163D ; addr, local, , bas56k_asm, , bas56k.asm:3014
ALLFOL                          = $154D ; addr, local, , bas56k_asm, , bas56k.asm:2865
ANTVLU                          = $0DCF ; addr, local, , bas56k_asm, , bas56k.asm:1734
ARET                            = $1D9C ; addr, local, , bas56k_asm, , bas56k.asm:4096
ARETN                           = $1D9D ; addr, local, , bas56k_asm, , bas56k.asm:4097
ARLDSV                          = $1195 ; addr, local, , bas56k_asm, , bas56k.asm:2281
ARREND                          = $22D1 ; const, local, , bas56k_asm, , bas56k.asm:108
ARRLP                           = $141A ; addr, local, , bas56k_asm, , bas56k.asm:2664
ASC                             = $151E ; addr, local, , bas56k_asm, , bas56k.asm:2835
ASCTFP                          = $199E ; addr, local, , bas56k_asm, , bas56k.asm:3575
ASPCS                           = $0D31 ; addr, local, , bas56k_asm, , bas56k.asm:1657
ATN1                            = $1D6D ; addr, local, , bas56k_asm, , bas56k.asm:4080
ATN                             = $1D50 ; addr, local, , bas56k_asm, , bas56k.asm:4068
ATNTAB                          = $1D77 ; addr, local, , bas56k_asm, , bas56k.asm:4085
ATOH                            = $0AFB ; addr, local, , bas56k_asm, , bas56k.asm:1353
BADINP                          = $0D56 ; addr, local, , bas56k_asm, , bas56k.asm:1669
BAKSTK                          = $0575 ; addr, local, , bas56k_asm, , bas56k.asm:538
BAKTMP                          = $14FE ; addr, local, , bas56k_asm, , bas56k.asm:2813
BASTXT                          = $2255 ; const, local, , bas56k_asm, , bas56k.asm:84
BEL                             = $0007 ; const, local, , int56k_asm, , rc2014.inc:134
BFREE                           = $02E8 ; addr, local, , bas56k_asm, , bas56k.asm:235
BKSP                            = $0008 ; const, local, , bas56k_asm, , bas56k.asm:42
BNORM                           = $16A6 ; addr, local, , bas56k_asm, , bas56k.asm:3076
BNRMLP                          = $16A9 ; addr, local, , bas56k_asm, , bas56k.asm:3079
BRK                             = $0A72 ; addr, local, , bas56k_asm, , bas56k.asm:1276
BRKFLG                          = $224D ; const, local, , bas56k_asm, , bas56k.asm:80
BRKLIN                          = $22C5 ; const, local, , bas56k_asm, , bas56k.asm:102
BRKMSG                          = $056F ; addr, local, , bas56k_asm, , bas56k.asm:536
BRKRET                          = $02E2 ; addr, local, , bas56k_asm, , bas56k.asm:232
BS                              = $0010 ; const, local, , bas56k_asm, , bas56k.asm:132
BSERR                           = $11C7 ; addr, local, , bas56k_asm, , bas56k.asm:2309
BUFFER                          = $2258 ; const, local, , bas56k_asm, , bas56k.asm:85
BUFSTART_RX_IO                  = $2100 ; const, local, , int56k_asm, , rc2014.inc:166
BUFSTART_RX_IO                  = $2100 ; const, local, , page0_asm, , rc2014.inc:166
BUFSTART_RX_IO                  = $2100 ; const, local, , rc2014_map_asm, , rc2014.inc:166
BUFSTART_TX_IO                  = $2080 ; const, local, , int56k_asm, , rc2014.inc:163
BUFSTART_TX_IO                  = $2080 ; const, local, , page0_asm, , rc2014.inc:163
BUFSTART_TX_IO                  = $2080 ; const, local, , rc2014_map_asm, , rc2014.inc:163
BYT2ASC                         = $1F79 ; addr, local, , bas56k_asm, , bas56k.asm:4413
BYTSFT                          = $17DE ; addr, local, , bas56k_asm, , bas56k.asm:3276
CFEVAL                          = $112B ; addr, local, , bas56k_asm, , bas56k.asm:2213
CHARTY                          = $10D9 ; addr, local, , bas56k_asm, , bas56k.asm:2170
CHECKWARM                       = $01D5 ; addr, local, , int56k_asm, init, int56k.asm:322
CHEKFN                          = $1313 ; addr, local, , bas56k_asm, , bas56k.asm:2516
CHKLTR                          = $0ACD ; addr, local, , bas56k_asm, , bas56k.asm:1329
CHKSTK                          = $05A9 ; addr, local, , bas56k_asm, , bas56k.asm:574
CHKSUM                          = $224A ; const, local, , bas56k_asm, , bas56k.asm:78
CHKSYN                          = $089A ; addr, local, , bas56k_asm, , bas56k.asm:1002
CHKTYP                          = $0EC8 ; addr, local, , bas56k_asm, , bas56k.asm:1859
CHR                             = $152F ; addr, local, , bas56k_asm, , bas56k.asm:2847
CLEAR                           = $0B20 ; addr, local, , bas56k_asm, , bas56k.asm:1376
CLOTST                          = $08D4 ; addr, local, , bas56k_asm, , bas56k.asm:1036
CLREG                           = $06FE ; addr, local, , bas56k_asm, , bas56k.asm:775
CLRPTR                          = $06D9 ; addr, local, , bas56k_asm, , bas56k.asm:755
CLRSCRN                         = $1DA8 ; addr, local, , bas56k_asm, , bas56k.asm:4105
CLS                             = $1D9F ; addr, local, , bas56k_asm, , bas56k.asm:4099
CMPFP                           = $1928 ; addr, local, , bas56k_asm, , bas56k.asm:3490
CMPLG1                          = $103F ; addr, local, , bas56k_asm, , bas56k.asm:2076
CMPLOG                          = $103D ; addr, local, , bas56k_asm, , bas56k.asm:2075
CMPNUM                          = $190E ; addr, local, , bas56k_asm, , bas56k.asm:3473
CMPRES                          = $1081 ; addr, local, , bas56k_asm, , bas56k.asm:2124
CMPSTR                          = $1069 ; addr, local, , bas56k_asm, , bas56k.asm:2104
CN                              = $0020 ; const, local, , bas56k_asm, , bas56k.asm:140
CNVNUM                          = $19AA ; addr, local, , bas56k_asm, , bas56k.asm:3581
COLD                            = $0240 ; addr, local, , bas56k_asm, , bas56k.asm:149
COLDSTART                       = $01CD ; addr, local, , int56k_asm, init, int56k.asm:317
COMMAN                          = $2243 ; const, local, , bas56k_asm, , bas56k.asm:73
COMPL                           = $170A ; addr, local, , bas56k_asm, , bas56k.asm:3148
CONCAT                          = $1493 ; addr, local, , bas56k_asm, , bas56k.asm:2745
CONEXP                          = $19DA ; addr, local, , bas56k_asm, , bas56k.asm:3605
CONPOS                          = $16A3 ; addr, local, , bas56k_asm, , bas56k.asm:3074
CONT                            = $0AA5 ; addr, local, , bas56k_asm, , bas56k.asm:1304
CONTAD                          = $22CB ; const, local, , bas56k_asm, , bas56k.asm:105
CONVAR                          = $0FA5 ; addr, local, , bas56k_asm, , bas56k.asm:1975
CORW                            = $01BE ; addr, local, , int56k_asm, init, int56k.asm:307
COS                             = $1CCA ; addr, local, , bas56k_asm, , bas56k.asm:4014
COUNT                           = $0942 ; addr, local, , bas56k_asm, , bas56k.asm:1102
CPDEHL                          = $0894 ; addr, local, , bas56k_asm, , bas56k.asm:995
CPYLIT                          = $07D0 ; addr, local, , bas56k_asm, , bas56k.asm:893
CR                              = $000D ; const, local, , bas56k_asm, , bas56k.asm:45
CR                              = $000D ; const, local, , int56k_asm, , rc2014.inc:138
CRARLP                          = $11E7 ; addr, local, , bas56k_asm, , bas56k.asm:2329
CREARY                          = $11CC ; addr, local, , bas56k_asm, , bas56k.asm:2312
CRESTR                          = $0C1F ; addr, local, , bas56k_asm, , bas56k.asm:1514
CRNCLP                          = $0731 ; addr, local, , bas56k_asm, , bas56k.asm:801
CRTMST                          = $134C ; addr, local, , bas56k_asm, , bas56k.asm:2549
CRTST                           = $1358 ; addr, local, , bas56k_asm, , bas56k.asm:2560
CRTSTE                          = $136E ; addr, local, , bas56k_asm, , bas56k.asm:2574
CRUNCH                          = $0728 ; addr, local, , bas56k_asm, , bas56k.asm:797
CSTART                          = $0250 ; addr, local, , bas56k_asm, , bas56k.asm:158
CTLOFG                          = $2245 ; const, local, , bas56k_asm, , bas56k.asm:75
CTRLC                           = $0003 ; const, local, , bas56k_asm, , bas56k.asm:40
CTRLG                           = $0007 ; const, local, , bas56k_asm, , bas56k.asm:41
CTRLO                           = $000F ; const, local, , bas56k_asm, , bas56k.asm:46
CTRLQ                           = $0011 ; const, local, , bas56k_asm, , bas56k.asm:47
CTRLR                           = $0012 ; const, local, , bas56k_asm, , bas56k.asm:48
CTRLS                           = $0013 ; const, local, , bas56k_asm, , bas56k.asm:49
CTRLU                           = $0015 ; const, local, , bas56k_asm, , bas56k.asm:50
CUROPR                          = $22BC ; const, local, , bas56k_asm, , bas56k.asm:96
CURPOS                          = $22A2 ; const, local, , bas56k_asm, , bas56k.asm:87
DATA                            = $0BC6 ; addr, local, , bas56k_asm, , bas56k.asm:1466
DATFLG                          = $22A5 ; const, local, , bas56k_asm, , bas56k.asm:90
DATLIN                          = $22C0 ; const, local, , bas56k_asm, , bas56k.asm:98
DATSNR                          = $05C6 ; addr, local, , bas56k_asm, , bas56k.asm:594
DCBCDE                          = $1964 ; addr, local, , bas56k_asm, , bas56k.asm:3534
DD                              = $0012 ; const, local, , bas56k_asm, , bas56k.asm:133
DDERR                           = $05D5 ; addr, local, , bas56k_asm, , bas56k.asm:602
DEEK                            = $1DCD ; addr, local, , bas56k_asm, , bas56k.asm:4122
DEF                             = $1288 ; addr, local, , bas56k_asm, , bas56k.asm:2434
DEFSIZ                          = $11EF ; addr, local, , bas56k_asm, , bas56k.asm:2333
DEINT                           = $0AE1 ; addr, local, , bas56k_asm, , bas56k.asm:1340
DEL                             = $007F ; const, local, , bas56k_asm, , bas56k.asm:52
DELCHR                          = $0800 ; addr, local, , bas56k_asm, , bas56k.asm:923
DEPINT                          = $0ADB ; addr, local, , bas56k_asm, , bas56k.asm:1338
DIGTXT                          = $1AAE ; addr, local, , bas56k_asm, , bas56k.asm:3731
DIM                             = $10AB ; addr, local, , bas56k_asm, , bas56k.asm:2150
DIMRET                          = $10A2 ; addr, local, , bas56k_asm, , bas56k.asm:2145
DINPOS                          = $08C9 ; addr, local, , bas56k_asm, , bas56k.asm:1029
DIV10                           = $17E3 ; addr, local, , bas56k_asm, , bas56k.asm:3282
DIV1                            = $220A ; const, local, , bas56k_asm, , bas56k.asm:63
DIV2                            = $220E ; const, local, , bas56k_asm, , bas56k.asm:64
DIV3                            = $2212 ; const, local, , bas56k_asm, , bas56k.asm:65
DIV4                            = $2215 ; const, local, , bas56k_asm, , bas56k.asm:66
DIV                             = $17F9 ; addr, local, , bas56k_asm, , bas56k.asm:3291
DIVLP                           = $1820 ; addr, local, , bas56k_asm, , bas56k.asm:3315
DIVSUP                          = $2209 ; const, local, , bas56k_asm, , bas56k.asm:62
DOAGN                           = $0717 ; addr, local, , bas56k_asm, , bas56k.asm:788
DOCOM                           = $0D02 ; addr, local, , bas56k_asm, , bas56k.asm:1633
DODEL                           = $07E0 ; addr, local, , bas56k_asm, , bas56k.asm:907
DOEBIT                          = $1AF7 ; addr, local, , bas56k_asm, , bas56k.asm:3775
DOFN                            = $12B5 ; addr, local, , bas56k_asm, , bas56k.asm:2461
DOKE                            = $1DD8 ; addr, local, , bas56k_asm, , bas56k.asm:4130
DONULL                          = $0CF0 ; addr, local, , bas56k_asm, , bas56k.asm:1622
DOSPC                           = $0D2C ; addr, local, , bas56k_asm, , bas56k.asm:1654
DOTAB                           = $0D19 ; addr, local, , bas56k_asm, , bas56k.asm:1644
DPOINT                          = $19D6 ; addr, local, , bas56k_asm, , bas56k.asm:3603
DTSTR                           = $135C ; addr, local, , bas56k_asm, , bas56k.asm:2563
DVBCDE                          = $17FB ; addr, local, , bas56k_asm, , bas56k.asm:3293
DZ                              = $0014 ; const, local, , bas56k_asm, , bas56k.asm:134
DZERR                           = $05CF ; addr, local, , bas56k_asm, , bas56k.asm:598
ECHDEL                          = $07F4 ; addr, local, , bas56k_asm, , bas56k.asm:916
EDIGIT                          = $1A22 ; addr, local, , bas56k_asm, , bas56k.asm:3655
END                             = $1FDA ; addr, local, , bas56k_asm, , bas56k.asm:4478
ENDBUF                          = $07D7 ; addr, local, , bas56k_asm, , bas56k.asm:899
ENDCON                          = $19E9 ; addr, local, , bas56k_asm, , bas56k.asm:3615
ENDDIM                          = $124E ; addr, local, , bas56k_asm, , bas56k.asm:2401
ENDINP                          = $0CE1 ; addr, local, , bas56k_asm, , bas56k.asm:1616
ENDNAM                          = $10CD ; addr, local, , bas56k_asm, , bas56k.asm:2166
ENDPRG                          = $0A81 ; addr, local, , bas56k_asm, , bas56k.asm:1287
ENFMEM                          = $05B2 ; addr, local, , bas56k_asm, , bas56k.asm:580
ERRIN                           = $0603 ; addr, local, , bas56k_asm, , bas56k.asm:625
ERRLIN                          = $22C9 ; const, local, , bas56k_asm, , bas56k.asm:104
ERRMSG                          = $055D ; addr, local, , bas56k_asm, , bas56k.asm:532
ERROR                           = $05E3 ; addr, local, , bas56k_asm, , bas56k.asm:612
ERRORS                          = $04DB ; addr, local, , bas56k_asm, , bas56k.asm:454
ESC                             = $001B ; const, local, , bas56k_asm, , bas56k.asm:51
EVAL1                           = $0ED8 ; addr, local, , bas56k_asm, , bas56k.asm:1869
EVAL2                           = $0EE1 ; addr, local, , bas56k_asm, , bas56k.asm:1873
EVAL3                           = $0EE4 ; addr, local, , bas56k_asm, , bas56k.asm:1874
EVAL                            = $0ED5 ; addr, local, , bas56k_asm, , bas56k.asm:1867
EVLPAR                          = $0F8C ; addr, local, , bas56k_asm, , bas56k.asm:1961
EVNOT                           = $108B ; addr, local, , bas56k_asm, , bas56k.asm:2132
EXCUTE                          = $0A0A ; addr, local, , bas56k_asm, , bas56k.asm:1209
EXP                             = $1B9E ; addr, local, , bas56k_asm, , bas56k.asm:3867
EXPLP                           = $19C8 ; addr, local, , bas56k_asm, , bas56k.asm:3595
EXPTAB                          = $1BDE ; addr, local, , bas56k_asm, , bas56k.asm:3895
EXPTEN                          = $1B09 ; addr, local, , bas56k_asm, , bas56k.asm:3785
EXTIG                           = $0E34 ; addr, local, , bas56k_asm, , bas56k.asm:1787
FANDT                           = $0E5D ; addr, local, , bas56k_asm, , bas56k.asm:1803
FC                              = $0008 ; const, local, , bas56k_asm, , bas56k.asm:128
FCERR                           = $0AF6 ; addr, local, , bas56k_asm, , bas56k.asm:1350
FDTLP                           = $0E45 ; addr, local, , bas56k_asm, , bas56k.asm:1789
FINDEL                          = $122A ; addr, local, , bas56k_asm, , bas56k.asm:2374
FLGDIF                          = $18B1 ; addr, local, , bas56k_asm, , bas56k.asm:3404
FLGREL                          = $18B8 ; addr, local, , bas56k_asm, , bas56k.asm:3410
FNARG                           = $22D7 ; const, local, , bas56k_asm, , bas56k.asm:111
FNCTAB                          = $0339 ; addr, local, , bas56k_asm, , bas56k.asm:245
FNDARY                          = $119B ; addr, local, , bas56k_asm, , bas56k.asm:2285
FNDELP                          = $122F ; addr, local, , bas56k_asm, , bas56k.asm:2379
FNDEND                          = $06AC ; addr, local, , bas56k_asm, , bas56k.asm:720
FNDNUM                          = $160E ; addr, local, , bas56k_asm, , bas56k.asm:2988
FNDTOK                          = $0921 ; addr, local, , bas56k_asm, , bas56k.asm:1082
FNDVAR                          = $1112 ; addr, local, , bas56k_asm, , bas56k.asm:2197
FNDWRD                          = $075B ; addr, local, , bas56k_asm, , bas56k.asm:821
FNOFST                          = $0FB6 ; addr, local, , bas56k_asm, , bas56k.asm:1985
FNRGNM                          = $22D5 ; const, local, , bas56k_asm, , bas56k.asm:110
FNTHR                           = $1120 ; addr, local, , bas56k_asm, , bas56k.asm:2205
FNVAL                           = $0FDD ; addr, local, , bas56k_asm, , bas56k.asm:2007
FOPRND                          = $0F0D ; addr, local, , bas56k_asm, , bas56k.asm:1895
FOR                             = $096C ; addr, local, , bas56k_asm, , bas56k.asm:1124
FORFLG                          = $22C2 ; const, local, , bas56k_asm, , bas56k.asm:99
FORFND                          = $099C ; addr, local, , bas56k_asm, , bas56k.asm:1152
FORSLP                          = $0980 ; addr, local, , bas56k_asm, , bas56k.asm:1133
FPADD                           = $164C ; addr, local, , bas56k_asm, , bas56k.asm:3022
FPBCDE                          = $16E8 ; addr, local, , bas56k_asm, , bas56k.asm:3120
FPEXP                           = $22DE ; const, local, , bas56k_asm, , bas56k.asm:113
FPINT                           = $193B ; addr, local, , bas56k_asm, , bas56k.asm:3510
FPMULT                          = $1790 ; addr, local, , bas56k_asm, , bas56k.asm:3226
FPREG                           = $22DB ; const, local, , bas56k_asm, , bas56k.asm:112
FPROND                          = $16F1 ; addr, local, , bas56k_asm, , bas56k.asm:3124
FPSINT                          = $0AD5 ; addr, local, , bas56k_asm, , bas56k.asm:1336
FRE                             = $1252 ; addr, local, , bas56k_asm, , bas56k.asm:2404
FRENUM                          = $126E ; addr, local, , bas56k_asm, , bas56k.asm:2416
FRMEVL                          = $0FA8 ; addr, local, , bas56k_asm, , bas56k.asm:1976
GARBGE                          = $13E4 ; addr, local, , bas56k_asm, , bas56k.asm:2641
GARBLP                          = $13E7 ; addr, local, , bas56k_asm, , bas56k.asm:2642
GETCHR                          = $0A2A ; addr, local, , bas56k_asm, , bas56k.asm:1229
GETCMD                          = $0627 ; addr, local, , bas56k_asm, , bas56k.asm:642
GETHEX                          = $1FB4 ; addr, local, , bas56k_asm, , bas56k.asm:4453
GETINT                          = $1611 ; addr, local, , bas56k_asm, , bas56k.asm:2989
GETLEN                          = $1513 ; addr, local, , bas56k_asm, , bas56k.asm:2827
GETLN                           = $0AFC ; addr, local, , bas56k_asm, , bas56k.asm:1354
GETNUM                          = $0EC3 ; addr, local, , bas56k_asm, , bas56k.asm:1856
GETNXT                          = $0776 ; addr, local, , bas56k_asm, , bas56k.asm:836
GETSTR                          = $14DD ; addr, local, , bas56k_asm, , bas56k.asm:2792
GETVAR                          = $10B0 ; addr, local, , bas56k_asm, , bas56k.asm:2153
GNXARY                          = $1419 ; addr, local, , bas56k_asm, , bas56k.asm:2663
GOFUNC                          = $0FE5 ; addr, local, , bas56k_asm, , bas56k.asm:2011
GOSUB                           = $0B72 ; addr, local, , bas56k_asm, , bas56k.asm:1418
GOTO                            = $0B83 ; addr, local, , bas56k_asm, , bas56k.asm:1430
GRBARY                          = $1438 ; addr, local, , bas56k_asm, , bas56k.asm:2680
GRBDON                          = $13BC ; addr, local, , bas56k_asm, , bas56k.asm:2616
GRBLP                           = $13F5 ; addr, local, , bas56k_asm, , bas56k.asm:2648
GSTRCU                          = $14E0 ; addr, local, , bas56k_asm, , bas56k.asm:2793
GSTRDE                          = $14E4 ; addr, local, , bas56k_asm, , bas56k.asm:2795
GSTRHL                          = $14E3 ; addr, local, , bas56k_asm, , bas56k.asm:2794
GTFLNM                          = $1522 ; addr, local, , bas56k_asm, , bas56k.asm:2837
GTFNAM                          = $10B5 ; addr, local, , bas56k_asm, , bas56k.asm:2156
GTLNLP                          = $0AFF ; addr, local, , bas56k_asm, , bas56k.asm:1355
GTSIXD                          = $1A73 ; addr, local, , bas56k_asm, , bas56k.asm:3699
GTVLUS                          = $0DA7 ; addr, local, , bas56k_asm, , bas56k.asm:1712
HALF                            = $1B28 ; addr, local, , bas56k_asm, , bas56k.asm:3806
HALFPI                          = $1D19 ; addr, local, , bas56k_asm, , bas56k.asm:4046
HEX1                            = $1F58 ; addr, local, , bas56k_asm, , bas56k.asm:4391
HEX2                            = $1F5A ; addr, local, , bas56k_asm, , bas56k.asm:4393
HEX3                            = $1F6A ; addr, local, , bas56k_asm, , bas56k.asm:4401
HEX4                            = $1F6C ; addr, local, , bas56k_asm, , bas56k.asm:4403
HEX                             = $1F40 ; addr, local, , bas56k_asm, , bas56k.asm:4379
HEXIT                           = $1FD1 ; addr, local, , bas56k_asm, , bas56k.asm:4470
HEXLP1                          = $1FAB ; addr, local, , bas56k_asm, , bas56k.asm:4445
HEXLP                           = $1FA5 ; addr, local, , bas56k_asm, , bas56k.asm:4443
HEXTFP                          = $1F98 ; addr, local, , bas56k_asm, , bas56k.asm:4438
HLD_END_LOAD                    = $1F1B ; addr, local, , bas56k_asm, , bas56k.asm:4346
HLD_HIGH_RAM                    = $1EDE ; addr, local, , bas56k_asm, , bas56k.asm:4309
HLD_READ                        = $1F06 ; addr, local, , bas56k_asm, , bas56k.asm:4332
HLD_READ_BYTE                   = $1F26 ; addr, local, , bas56k_asm, , bas56k.asm:4353
HLD_READ_CHKSUM                 = $1F10 ; addr, local, , bas56k_asm, , bas56k.asm:4339
HLD_READ_DATA                   = $1F09 ; addr, local, , bas56k_asm, , bas56k.asm:4334
HLD_READ_NIBBLE                 = $1F37 ; addr, local, , bas56k_asm, , bas56k.asm:4368
HLD_WAIT_COLON                  = $1EE6 ; addr, local, , bas56k_asm, , bas56k.asm:4314
HLHEX                           = $1EA2 ; addr, local, , bas56k_asm, , bas56k.asm:4270
HLHEXH                          = $1EB3 ; addr, local, , bas56k_asm, , bas56k.asm:4279
HLHEXL                          = $1EAF ; addr, local, , bas56k_asm, , bas56k.asm:4276
HLOAD                           = $1EBC ; addr, local, , bas56k_asm, , bas56k.asm:4293
HX                              = $0026 ; const, local, , bas56k_asm, , bas56k.asm:143
HXERR                           = $05E1 ; addr, local, , bas56k_asm, , bas56k.asm:610
ID                              = $0016 ; const, local, , bas56k_asm, , bas56k.asm:135
IDTEST                          = $1305 ; addr, local, , bas56k_asm, , bas56k.asm:2506
IF                              = $0C64 ; addr, local, , bas56k_asm, , bas56k.asm:1556
IFGO                            = $0C72 ; addr, local, , bas56k_asm, , bas56k.asm:1563
IFJMP                           = $0A11 ; addr, local, , bas56k_asm, , bas56k.asm:1212
INCHL                           = $18F7 ; addr, local, , bas56k_asm, , bas56k.asm:3450
INCLEN                          = $08C5 ; addr, local, , bas56k_asm, , bas56k.asm:1027
INDFND                          = $058F ; addr, local, , bas56k_asm, , bas56k.asm:556
INEWLN                          = $0674 ; addr, local, , bas56k_asm, , bas56k.asm:681
INIT                            = $0258 ; addr, local, , bas56k_asm, , bas56k.asm:163
INIT                            = $014A ; addr, public, , int56k_asm, init, int56k.asm:231
INITAB                          = $0503 ; addr, local, , bas56k_asm, , bas56k.asm:477
INITBE                          = $055A ; addr, local, , bas56k_asm, , bas56k.asm:527
INMSG                           = $0564 ; addr, local, , bas56k_asm, , bas56k.asm:533
INP                             = $15CE ; addr, local, , bas56k_asm, , bas56k.asm:2957
INPBIN                          = $0DF9 ; addr, local, , bas56k_asm, , bas56k.asm:1756
INPBRK                          = $0A7E ; addr, local, , bas56k_asm, , bas56k.asm:1285
INPORT                          = $223F ; const, local, , bas56k_asm, , bas56k.asm:70
INPSUB                          = $223E ; const, local, , bas56k_asm, , bas56k.asm:69
INPUT                           = $0D67 ; addr, local, , bas56k_asm, , bas56k.asm:1677
INRNG                           = $1A7C ; addr, local, , bas56k_asm, , bas56k.asm:3704
INT                             = $196B ; addr, local, , bas56k_asm, , bas56k.asm:3542
INTVAR                          = $06E8 ; addr, local, , bas56k_asm, , bas56k.asm:766
INT_INT                         = $0070 ; addr, public, , int56k_asm, acia_interrupt, int56k.asm:376
INT_INT_LBL                     = $0058 ; addr, local, , page0_asm, vector_table_prototype, page0.asm:108
INT_NMI                         = $0060 ; addr, public, , int56k_asm, init_strings, int56k.asm:377
INT_NMI_LBL                     = $005C ; addr, local, , page0_asm, vector_table_prototype, page0.asm:111
INVSGN                          = $18CF ; addr, local, , bas56k_asm, , bas56k.asm:3423
ITMSEP                          = $0DEA ; addr, local, , bas56k_asm, , bas56k.asm:1747
JSTZER                          = $1B13 ; addr, local, , bas56k_asm, , bas56k.asm:3791
KILFOR                          = $0EB3 ; addr, local, , bas56k_asm, , bas56k.asm:1847
KILIN                           = $080B ; addr, local, , bas56k_asm, , bas56k.asm:928
LCRFLG                          = $22A3 ; const, local, , bas56k_asm, , bas56k.asm:88
LEFT                            = $153F ; addr, local, , bas56k_asm, , bas56k.asm:2855
LEN                             = $150F ; addr, local, , bas56k_asm, , bas56k.asm:2825
LET                             = $0BDD ; addr, local, , bas56k_asm, , bas56k.asm:1482
LETNUM                          = $0C36 ; addr, local, , bas56k_asm, , bas56k.asm:1528
LETSTR                          = $0BF8 ; addr, local, , bas56k_asm, , bas56k.asm:1495
LF                              = $000A ; const, local, , bas56k_asm, , bas56k.asm:43
LF                              = $000A ; const, local, , int56k_asm, , rc2014.inc:136
LFRGNM                          = $15C4 ; addr, local, , bas56k_asm, , bas56k.asm:2948
LINEAT                          = $2253 ; const, local, , bas56k_asm, , bas56k.asm:83
LINEIN                          = $1A2E ; addr, local, , bas56k_asm, , bas56k.asm:3665
LINES                           = $1DBE ; addr, local, , bas56k_asm, , bas56k.asm:4116
LINESC                          = $2246 ; const, local, , bas56k_asm, , bas56k.asm:76
LINESN                          = $2248 ; const, local, , bas56k_asm, , bas56k.asm:77
LINFND                          = $065D ; addr, local, , bas56k_asm, , bas56k.asm:668
LIST                            = $08E3 ; addr, local, , bas56k_asm, , bas56k.asm:1046
LISTLP                          = $08EF ; addr, local, , bas56k_asm, , bas56k.asm:1052
LOADFP                          = $18F0 ; addr, local, , bas56k_asm, , bas56k.asm:3446
LOG                             = $174F ; addr, local, , bas56k_asm, , bas56k.asm:3194
LOGTAB                          = $1742 ; addr, local, , bas56k_asm, , bas56k.asm:3189
LOKFOR                          = $0579 ; addr, local, , bas56k_asm, , bas56k.asm:540
LOOPST                          = $22BE ; const, local, , bas56k_asm, , bas56k.asm:97
LS                              = $001C ; const, local, , bas56k_asm, , bas56k.asm:138
LSTBIN                          = $22C3 ; const, local, , bas56k_asm, , bas56k.asm:100
LSTLP2                          = $090F ; addr, local, , bas56k_asm, , bas56k.asm:1073
LSTLP3                          = $0912 ; addr, local, , bas56k_asm, , bas56k.asm:1074
LSTRAM                          = $22A6 ; const, local, , bas56k_asm, , bas56k.asm:91
LSTRND                          = $223A ; const, local, , bas56k_asm, , bas56k.asm:68
LTSTND                          = $0E0D ; addr, local, , bas56k_asm, , bas56k.asm:1766
LWIDTH                          = $2242 ; const, local, , bas56k_asm, , bas56k.asm:72
MAKINT                          = $1614 ; addr, local, , bas56k_asm, , bas56k.asm:2990
MAKNUM                          = $1A9D ; addr, local, , bas56k_asm, , bas56k.asm:3720
MANLP                           = $19B2 ; addr, local, , bas56k_asm, , bas56k.asm:3587
MATCH                           = $07A8 ; addr, local, , bas56k_asm, , bas56k.asm:868
MEEK                            = $1DF2 ; addr, local, , bas56k_asm, , bas56k.asm:4151
MEEKASC                         = $1E32 ; addr, local, , bas56k_asm, , bas56k.asm:4185
MEEKDOT                         = $1E3E ; addr, local, , bas56k_asm, , bas56k.asm:4192
MEEKLLP                         = $1E19 ; addr, local, , bas56k_asm, , bas56k.asm:4171
MEEKLP                          = $1E03 ; addr, local, , bas56k_asm, , bas56k.asm:4161
MEMMSG                          = $032E ; addr, local, , bas56k_asm, , bas56k.asm:241
MEM_ERR                         = $0148 ; addr, local, , int56k_asm, init, int56k.asm:228
MID1                            = $1545 ; addr, local, , bas56k_asm, , bas56k.asm:2859
MID                             = $1579 ; addr, local, , bas56k_asm, , bas56k.asm:2894
MIDNUM                          = $15C9 ; addr, local, , bas56k_asm, , bas56k.asm:2951
MINCDE                          = $1695 ; addr, local, , bas56k_asm, , bas56k.asm:3060
MINUS                           = $0F94 ; addr, local, , bas56k_asm, , bas56k.asm:1966
MKTMST                          = $1349 ; addr, local, , bas56k_asm, , bas56k.asm:2548
MLDBLP                          = $198D ; addr, local, , bas56k_asm, , bas56k.asm:3565
MLDEBC                          = $1984 ; addr, local, , bas56k_asm, , bas56k.asm:3558
MLOOP                           = $0283 ; addr, local, , bas56k_asm, , bas56k.asm:179
MLSP10                          = $188A ; addr, local, , bas56k_asm, , bas56k.asm:3383
MO                              = $0024 ; const, local, , bas56k_asm, , bas56k.asm:142
MOKE                            = $1E4A ; addr, local, , bas56k_asm, , bas56k.asm:4206
MOKELP                          = $1E51 ; addr, local, , bas56k_asm, , bas56k.asm:4210
MOKESKP                         = $1E84 ; addr, local, , bas56k_asm, , bas56k.asm:4235
MONITR                          = $1DEF ; addr, local, , bas56k_asm, , bas56k.asm:4144
MORDT                           = $0E19 ; addr, local, , bas56k_asm, , bas56k.asm:1771
MORINP                          = $081A ; addr, local, , bas56k_asm, , bas56k.asm:935
MOVBUF                          = $0693 ; addr, local, , bas56k_asm, , bas56k.asm:702
MOVDIR                          = $07B0 ; addr, local, , bas56k_asm, , bas56k.asm:876
MOVLP                           = $059E ; addr, local, , bas56k_asm, , bas56k.asm:566
MOVSTR                          = $059B ; addr, local, , bas56k_asm, , bas56k.asm:563
MOVUP                           = $0598 ; addr, local, , bas56k_asm, , bas56k.asm:562
MRPRNT                          = $0C84 ; addr, local, , bas56k_asm, , bas56k.asm:1570
MSIZE                           = $0271 ; addr, local, , bas56k_asm, , bas56k.asm:173
MUL8LP                          = $17BB ; addr, local, , bas56k_asm, , bas56k.asm:3248
MULLN2                          = $1787 ; addr, local, , bas56k_asm, , bas56k.asm:3220
MULT8                           = $17B2 ; addr, local, , bas56k_asm, , bas56k.asm:3242
MULT                            = $178E ; addr, local, , bas56k_asm, , bas56k.asm:3224
MULTEN                          = $19F4 ; addr, local, , bas56k_asm, , bas56k.asm:3623
MULVAL                          = $22ED ; const, local, , bas56k_asm, , bas56k.asm:116
MVSTPT                          = $0C27 ; addr, local, , bas56k_asm, , bas56k.asm:1518
NEDMOR                          = $0DA3 ; addr, local, , bas56k_asm, , bas56k.asm:1710
NEGAFT                          = $1B3E ; addr, local, , bas56k_asm, , bas56k.asm:3815
NEW                             = $06D8 ; addr, local, , bas56k_asm, , bas56k.asm:754
NEXITM                          = $0D3C ; addr, local, , bas56k_asm, , bas56k.asm:1663
NEXT1                           = $0E6B ; addr, local, , bas56k_asm, , bas56k.asm:1809
NEXT                            = $0E68 ; addr, local, , bas56k_asm, , bas56k.asm:1808
NF                              = $0000 ; const, local, , bas56k_asm, , bas56k.asm:124
NFERR                           = $05D2 ; addr, local, , bas56k_asm, , bas56k.asm:600
NOCHNG                          = $07A0 ; addr, local, , bas56k_asm, , bas56k.asm:863
NOENED                          = $1B16 ; addr, local, , bas56k_asm, , bas56k.asm:3794
NOLIN                           = $0A94 ; addr, local, , bas56k_asm, , bas56k.asm:1296
NOMADD                          = $17CC ; addr, local, , bas56k_asm, , bas56k.asm:3259
NOMLAD                          = $199B ; addr, local, , bas56k_asm, , bas56k.asm:3572
NOPMPT                          = $0D81 ; addr, local, , bas56k_asm, , bas56k.asm:1689
NORMAL                          = $16C0 ; addr, local, , bas56k_asm, , bas56k.asm:3095
NOSPC                           = $0797 ; addr, local, , bas56k_asm, , bas56k.asm:858
NOSUB7                          = $1FCD ; addr, local, , bas56k_asm, , bas56k.asm:4466
NOSWAP                          = $166E ; addr, local, , bas56k_asm, , bas56k.asm:3040
NOTSTR                          = $10E8 ; addr, local, , bas56k_asm, , bas56k.asm:2178
NOXOR                           = $15F4 ; addr, local, , bas56k_asm, , bas56k.asm:2974
NSCFOR                          = $10F8 ; addr, local, , bas56k_asm, , bas56k.asm:2186
NULFLG                          = $2244 ; const, local, , bas56k_asm, , bas56k.asm:74
NULL                            = $0AB8 ; addr, local, , bas56k_asm, , bas56k.asm:1315
NULLP                           = $0CF7 ; addr, local, , bas56k_asm, , bas56k.asm:1625
NULLS                           = $2241 ; const, local, , bas56k_asm, , bas56k.asm:71
NULL_NMI                        = $0060 ; addr, public, , page0_asm, vector_null_ret, page0.asm:122
NUMASC                          = $1A41 ; addr, local, , bas56k_asm, , bas56k.asm:3675
NXTARY                          = $11AE ; addr, local, , bas56k_asm, , bas56k.asm:2295
NXTBYT                          = $0786 ; addr, local, , bas56k_asm, , bas56k.asm:848
NXTCHR                          = $07C7 ; addr, local, , bas56k_asm, , bas56k.asm:888
NXTDAT                          = $22D3 ; const, local, , bas56k_asm, , bas56k.asm:109
NXTDTA                          = $0BC5 ; addr, local, , bas56k_asm, , bas56k.asm:1464
NXTITM                          = $0D9B ; addr, local, , bas56k_asm, , bas56k.asm:1705
NXTOPR                          = $22C7 ; const, local, , bas56k_asm, , bas56k.asm:103
NXTSTL                          = $0BCC ; addr, local, , bas56k_asm, , bas56k.asm:1469
NXTSTT                          = $0BCF ; addr, local, , bas56k_asm, , bas56k.asm:1472
OD                              = $0006 ; const, local, , bas56k_asm, , bas56k.asm:127
OKMSG                           = $0569 ; addr, local, , bas56k_asm, , bas56k.asm:535
OM                              = $000C ; const, local, , bas56k_asm, , bas56k.asm:130
OMERR                           = $05C1 ; addr, local, , bas56k_asm, , bas56k.asm:591
ON                              = $0C46 ; addr, local, , bas56k_asm, , bas56k.asm:1539
ONGO                            = $0C55 ; addr, local, , bas56k_asm, , bas56k.asm:1547
ONGOLP                          = $0C56 ; addr, local, , bas56k_asm, , bas56k.asm:1548
ONJMP                           = $0A12 ; addr, local, , bas56k_asm, , bas56k.asm:1213
OPNPAR                          = $0ED1 ; addr, local, , bas56k_asm, , bas56k.asm:1865
OPRND                           = $0F4F ; addr, local, , bas56k_asm, , bas56k.asm:1937
OS                              = $001A ; const, local, , bas56k_asm, , bas56k.asm:137
OTKLN                           = $0808 ; addr, local, , bas56k_asm, , bas56k.asm:927
OTPORT                          = $2207 ; const, local, , bas56k_asm, , bas56k.asm:61
OUTC                            = $08A5 ; addr, local, , bas56k_asm, , bas56k.asm:1010
OUTEXP                          = $1B07 ; addr, local, , bas56k_asm, , bas56k.asm:3784
OUTIT                           = $0886 ; addr, local, , bas56k_asm, , bas56k.asm:988
OUTNBS                          = $088C ; addr, local, , bas56k_asm, , bas56k.asm:991
OUTNCR                          = $08CE ; addr, local, , bas56k_asm, , bas56k.asm:1033
OUTSUB                          = $2206 ; const, local, , bas56k_asm, , bas56k.asm:60
OUTWRD                          = $092B ; addr, local, , bas56k_asm, , bas56k.asm:1088
OV                              = $000A ; const, local, , bas56k_asm, , bas56k.asm:129
OVERR                           = $05DB ; addr, local, , bas56k_asm, , bas56k.asm:606
OVTST1                          = $187D ; addr, local, , bas56k_asm, , bas56k.asm:3375
OVTST2                          = $1882 ; addr, local, , bas56k_asm, , bas56k.asm:3378
OVTST3                          = $1883 ; addr, local, , bas56k_asm, , bas56k.asm:3379
PADD                            = $1A1D ; addr, local, , bas56k_asm, , bas56k.asm:3651
PAND                            = $0FFF ; addr, local, , bas56k_asm, , bas56k.asm:2033
PASSA                           = $1283 ; addr, local, , bas56k_asm, , bas56k.asm:2430
PBUFF                           = $22E0 ; const, local, , bas56k_asm, , bas56k.asm:115
PEEK                            = $1622 ; addr, local, , bas56k_asm, , bas56k.asm:2999
PEND                            = $0A79 ; addr, local, , bas56k_asm, , bas56k.asm:1282
PHLTFP                          = $18E4 ; addr, local, , bas56k_asm, , bas56k.asm:3439
PLUCDE                          = $16FE ; addr, local, , bas56k_asm, , bas56k.asm:3135
PNORM                           = $16C6 ; addr, local, , bas56k_asm, , bas56k.asm:3099
POKE                            = $1629 ; addr, local, , bas56k_asm, , bas56k.asm:3003
POPAF                           = $13D6 ; addr, local, , bas56k_asm, , bas56k.asm:2631
POPHL                           = $14FC ; addr, local, , bas56k_asm, , bas56k.asm:2810
POPHRT                          = $14FC ; addr, local, , bas56k_asm, , bas56k.asm:2809
POPNOK                          = $0619 ; addr, local, , bas56k_asm, , bas56k.asm:635
POR1                            = $1026 ; addr, local, , bas56k_asm, , bas56k.asm:2057
POR                             = $0FFE ; addr, local, , bas56k_asm, , bas56k.asm:2032
POS                             = $1280 ; addr, local, , bas56k_asm, , bas56k.asm:2429
POSINT                          = $0AD8 ; addr, local, , bas56k_asm, , bas56k.asm:1337
POUT                            = $15DA ; addr, local, , bas56k_asm, , bas56k.asm:2962
POWER1                          = $1B64 ; addr, local, , bas56k_asm, , bas56k.asm:3835
POWER2                          = $1B86 ; addr, local, , bas56k_asm, , bas56k.asm:3854
POWER                           = $1B54 ; addr, local, , bas56k_asm, , bas56k.asm:3827
POWERS                          = $1B2C ; addr, local, , bas56k_asm, , bas56k.asm:3808
PRHEX                           = $1E8E ; addr, local, , bas56k_asm, , bas56k.asm:4249
PRHEXN                          = $1E97 ; addr, local, , bas56k_asm, , bas56k.asm:4257
PRHL                            = $1E89 ; addr, local, , bas56k_asm, , bas56k.asm:4245
PRINT                           = $0C88 ; addr, local, , bas56k_asm, , bas56k.asm:1572
PRINT                           = $01E4 ; addr, local, , int56k_asm, init, int56k.asm:333
PRITAB                          = $04C6 ; addr, local, , bas56k_asm, , bas56k.asm:431
PRNTCRLF                        = $0CE6 ; addr, local, , bas56k_asm, , bas56k.asm:1618
PRNTHL                          = $1A36 ; addr, local, , bas56k_asm, , bas56k.asm:3669
PRNTLP                          = $0C8B ; addr, local, , bas56k_asm, , bas56k.asm:1573
PRNTNB                          = $0CCE ; addr, local, , bas56k_asm, , bas56k.asm:1605
PRNTOK                          = $061A ; addr, local, , bas56k_asm, , bas56k.asm:637
PRNTST                          = $0CD2 ; addr, local, , bas56k_asm, , bas56k.asm:1607
PRNUMS                          = $13A0 ; addr, local, , bas56k_asm, , bas56k.asm:2600
PROCES                          = $0833 ; addr, local, , bas56k_asm, , bas56k.asm:946
PROGND                          = $22CD ; const, local, , bas56k_asm, , bas56k.asm:106
PROGST                          = $22F0 ; const, local, , bas56k_asm, , bas56k.asm:117
PROMPT                          = $071B ; addr, local, , bas56k_asm, , bas56k.asm:791
PRS1                            = $13A4 ; addr, local, , bas56k_asm, , bas56k.asm:2602
PRS                             = $13A1 ; addr, local, , bas56k_asm, , bas56k.asm:2601
PRSLP                           = $13AB ; addr, local, , bas56k_asm, , bas56k.asm:2605
PSUB                            = $1647 ; addr, local, , bas56k_asm, , bas56k.asm:3019
PTRLP                           = $06A0 ; addr, local, , bas56k_asm, , bas56k.asm:711
PUTBUF                          = $0872 ; addr, local, , bas56k_asm, , bas56k.asm:977
PUTCTL                          = $0877 ; addr, local, , bas56k_asm, , bas56k.asm:979
PUTFID                          = $09E7 ; addr, local, , bas56k_asm, , bas56k.asm:1188
QTSTLP                          = $135F ; addr, local, , bas56k_asm, , bas56k.asm:2565
QTSTR                           = $1359 ; addr, local, , bas56k_asm, , bas56k.asm:2561
QUARTR                          = $1D1D ; addr, local, , bas56k_asm, , bas56k.asm:4048
RAMSTART                        = $2000 ; const, local, , int56k_asm, , rc2014_config.inc:23
RAMSTART                        = $2000 ; const, local, , page0_asm, , rc2014_config.inc:23
RAMSTART                        = $2000 ; const, local, , rc2014_map_asm, , rc2014_config.inc:23
RAM_56_START                    = $2000 ; const, local, , int56k_asm, , rc2014_config.inc:19
RAM_56_START                    = $2000 ; const, local, , page0_asm, , rc2014_config.inc:19
RAM_56_START                    = $2000 ; const, local, , rc2014_map_asm, , rc2014_config.inc:19
READ                            = $0D96 ; addr, local, , bas56k_asm, , bas56k.asm:1702
READFG                          = $22C4 ; const, local, , bas56k_asm, , bas56k.asm:101
REDO                            = $0D43 ; addr, local, , bas56k_asm, , bas56k.asm:1667
REM                             = $0BC8 ; addr, local, , bas56k_asm, , bas56k.asm:1467
RESDIV                          = $1833 ; addr, local, , bas56k_asm, , bas56k.asm:3328
RESEED                          = $1CB6 ; addr, local, , bas56k_asm, , bas56k.asm:4003
RESET                           = $024F ; addr, local, , bas56k_asm, , bas56k.asm:157
RESTNL                          = $0A4F ; addr, local, , bas56k_asm, , bas56k.asm:1251
RESTOR                          = $0A3A ; addr, local, , bas56k_asm, , bas56k.asm:1241
RESZER                          = $16BB ; addr, local, , bas56k_asm, , bas56k.asm:3091
RETADR                          = $115F ; addr, local, , bas56k_asm, , bas56k.asm:2244
RETINT                          = $18BD ; addr, local, , bas56k_asm, , bas56k.asm:3412
RETLIN                          = $0BC0 ; addr, local, , bas56k_asm, , bas56k.asm:1461
RETNAD                          = $07AC ; addr, local, , bas56k_asm, , bas56k.asm:872
RETNUL                          = $1162 ; addr, local, , bas56k_asm, , bas56k.asm:2248
RETNUM                          = $0FA0 ; addr, local, , bas56k_asm, , bas56k.asm:1971
RETREL                          = $18AF ; addr, local, , bas56k_asm, , bas56k.asm:3402
RETURN                          = $0BA1 ; addr, local, , bas56k_asm, , bas56k.asm:1445
RG                              = $0004 ; const, local, , bas56k_asm, , bas56k.asm:126
RIGHT1                          = $1543 ; addr, local, , bas56k_asm, , bas56k.asm:2857
RIGHT                           = $156F ; addr, local, , bas56k_asm, , bas56k.asm:2887
RINPUT                          = $224E ; const, local, , bas56k_asm, , bas56k.asm:81
RLTLP                           = $0EF1 ; addr, local, , bas56k_asm, , bas56k.asm:1881
RND1                            = $1C80 ; addr, local, , bas56k_asm, , bas56k.asm:3974
RND2                            = $1CA4 ; addr, local, , bas56k_asm, , bas56k.asm:3994
RND                             = $1C3C ; addr, local, , bas56k_asm, , bas56k.asm:3939
RNDTAB                          = $1CBE ; addr, local, , bas56k_asm, , bas56k.asm:4010
RNGTST                          = $1B19 ; addr, local, , bas56k_asm, , bas56k.asm:3798
RONDB                           = $16DA ; addr, local, , bas56k_asm, , bas56k.asm:3111
RONDUP                          = $16D9 ; addr, local, , bas56k_asm, , bas56k.asm:3110
ROUND                           = $163A ; addr, local, , bas56k_asm, , bas56k.asm:3013
RSCALE                          = $1A12 ; addr, local, , bas56k_asm, , bas56k.asm:3646
RSLNBK                          = $0963 ; addr, local, , bas56k_asm, , bas56k.asm:1120
RSTSTR                          = $1592 ; addr, local, , bas56k_asm, , bas56k.asm:2907
RST_00                          = $014A ; addr, public, , int56k_asm, init, int56k.asm:369
RST_00_LBL                      = $003C ; addr, local, , page0_asm, vector_table_prototype, page0.asm:87
RST_08                          = $0100 ; addr, public, , int56k_asm, acia_txa, int56k.asm:370
RST_08_LBL                      = $0040 ; addr, local, , page0_asm, vector_table_prototype, page0.asm:90
RST_10                          = $00D8 ; addr, public, , int56k_asm, acia_rxa, int56k.asm:371
RST_10_LBL                      = $0044 ; addr, local, , page0_asm, vector_table_prototype, page0.asm:93
RST_18_LBL                      = $0048 ; addr, local, , page0_asm, vector_table_prototype, page0.asm:96
RST_20                          = $05D8 ; addr, public, , int56k_asm, init_strings, int56k.asm:373
RST_20_LBL                      = $004C ; addr, local, , page0_asm, vector_table_prototype, page0.asm:99
RST_28                          = $05D8 ; addr, public, , int56k_asm, init_strings, int56k.asm:374
RST_28_LBL                      = $0050 ; addr, local, , page0_asm, vector_table_prototype, page0.asm:102
RST_30                          = $05D8 ; addr, public, , int56k_asm, init_strings, int56k.asm:375
RST_30_LBL                      = $0054 ; addr, local, , page0_asm, vector_table_prototype, page0.asm:105
RUN                             = $0B66 ; addr, local, , bas56k_asm, , bas56k.asm:1413
RUNCNT                          = $09EB ; addr, local, , bas56k_asm, , bas56k.asm:1192
RUNFST                          = $06E4 ; addr, local, , bas56k_asm, , bas56k.asm:763
RUNLIN                          = $0B82 ; addr, local, , bas56k_asm, , bas56k.asm:1429
RXA                             = $00D8 ; addr, local, , int56k_asm, acia_rxa, int56k.asm:137
SAVEXP                          = $16BC ; addr, local, , bas56k_asm, , bas56k.asm:3092
SAVSTP                          = $09DE ; addr, local, , bas56k_asm, , bas56k.asm:1181
SAVSTR                          = $1334 ; addr, local, , bas56k_asm, , bas56k.asm:2532
SBSCPT                          = $116D ; addr, local, , bas56k_asm, , bas56k.asm:2254
SCALE                           = $171E ; addr, local, , bas56k_asm, , bas56k.asm:3167
SCALLP                          = $1720 ; addr, local, , bas56k_asm, , bas56k.asm:3168
SCALMI                          = $19DD ; addr, local, , bas56k_asm, , bas56k.asm:3608
SCALPL                          = $19F3 ; addr, local, , bas56k_asm, , bas56k.asm:3622
SCNEND                          = $146E ; addr, local, , bas56k_asm, , bas56k.asm:2716
SCPTLP                          = $1173 ; addr, local, , bas56k_asm, , bas56k.asm:2258
SEARCH                          = $0774 ; addr, local, , bas56k_asm, , bas56k.asm:834
SEED                            = $2217 ; const, local, , bas56k_asm, , bas56k.asm:67
SER_8N2                         = $0010 ; const, local, , int56k_asm, , rc2014.inc:106
SER_CLK_DIV_64                  = $0002 ; const, local, , int56k_asm, , rc2014.inc:99
SER_CTRL_ADDR                   = $0080 ; const, local, , int56k_asm, , rc2014.inc:94
SER_DATA_ADDR                   = $0081 ; const, local, , int56k_asm, , rc2014.inc:96
SER_REI                         = $0080 ; const, local, , int56k_asm, , rc2014.inc:119
SER_RESET                       = $0003 ; const, local, , int56k_asm, , rc2014.inc:98
SER_RX_BUFSIZE                  = $0100 ; const, local, , int56k_asm, , rc2014.inc:44
SER_RX_BUFSIZE                  = $0100 ; const, local, , page0_asm, , rc2014.inc:44
SER_RX_BUFSIZE                  = $0100 ; const, local, , rc2014_map_asm, , rc2014.inc:44
SER_RX_EMPTYSIZE                = $0008 ; const, local, , int56k_asm, , rc2014.inc:47
SER_RX_FULLSIZE                 = $00F0 ; const, local, , int56k_asm, , rc2014.inc:45
SER_STATUS_ADDR                 = $0080 ; const, local, , int56k_asm, , rc2014.inc:95
SER_TDI_RTS0                    = $0000 ; const, local, , int56k_asm, , rc2014.inc:115
SER_TDI_RTS1                    = $0040 ; const, local, , int56k_asm, , rc2014.inc:113
SER_TDRE                        = $0002 ; const, local, , int56k_asm, , rc2014.inc:127
SER_TEI_MASK                    = $0060 ; const, local, , int56k_asm, , rc2014.inc:117
SER_TEI_RTS0                    = $0020 ; const, local, , int56k_asm, , rc2014.inc:114
SER_TX_BUFSIZE                  = $0040 ; const, local, , int56k_asm, , rc2014.inc:49
SETIO                           = $15FE ; addr, local, , bas56k_asm, , bas56k.asm:2981
SETLIN                          = $0939 ; addr, local, , bas56k_asm, , bas56k.asm:1096
SETLIT                          = $07BE ; addr, local, , bas56k_asm, , bas56k.asm:884
SETPTR                          = $069B ; addr, local, , bas56k_asm, , bas56k.asm:708
SETTOP                          = $02A7 ; addr, local, , bas56k_asm, , bas56k.asm:204
SFTPRG                          = $0665 ; addr, local, , bas56k_asm, , bas56k.asm:672
SGN                             = $18B5 ; addr, local, , bas56k_asm, , bas56k.asm:3409
SGNEXP                          = $0FEE ; addr, local, , bas56k_asm, , bas56k.asm:2019
SGNRES                          = $22DF ; const, local, , bas56k_asm, , bas56k.asm:114
SHRITE                          = $172D ; addr, local, , bas56k_asm, , bas56k.asm:3176
SHRLP                           = $1730 ; addr, local, , bas56k_asm, , bas56k.asm:3178
SHRT1                           = $1733 ; addr, local, , bas56k_asm, , bas56k.asm:3181
SIGNON1                         = $01F0 ; addr, local, , int56k_asm, init_strings, int56k.asm:347
SIGNON2                         = $021E ; addr, local, , int56k_asm, init_strings, int56k.asm:352
SIGNON                          = $02F7 ; addr, local, , bas56k_asm, , bas56k.asm:237
SIGNS                           = $18F9 ; addr, local, , bas56k_asm, , bas56k.asm:3453
SIN1                            = $1D05 ; addr, local, , bas56k_asm, , bas56k.asm:4037
SIN                             = $1CD0 ; addr, local, , bas56k_asm, , bas56k.asm:4016
SINTAB                          = $1D21 ; addr, local, , bas56k_asm, , bas56k.asm:4050
SIXDIG                          = $1A5E ; addr, local, , bas56k_asm, , bas56k.asm:3689
SMPVAR                          = $1405 ; addr, local, , bas56k_asm, , bas56k.asm:2653
SMSER1                          = $1C13 ; addr, local, , bas56k_asm, , bas56k.asm:3913
SN                              = $0002 ; const, local, , bas56k_asm, , bas56k.asm:125
SNERR                           = $05CC ; addr, local, , bas56k_asm, , bas56k.asm:596
SPCFST                          = $1A4F ; addr, local, , bas56k_asm, , bas56k.asm:3681
SPCLP                           = $0D35 ; addr, local, , bas56k_asm, , bas56k.asm:1660
SQR                             = $1B43 ; addr, local, , bas56k_asm, , bas56k.asm:3819
SRCHLN                          = $06B8 ; addr, local, , bas56k_asm, , bas56k.asm:729
SRCHLP                          = $06BB ; addr, local, , bas56k_asm, , bas56k.asm:730
SSTSA                           = $14CA ; addr, local, , bas56k_asm, , bas56k.asm:2774
ST                              = $001E ; const, local, , bas56k_asm, , bas56k.asm:139
STACK                           = $225D ; const, local, , bas56k_asm, , bas56k.asm:86
STAKFP                          = $18D7 ; addr, local, , bas56k_asm, , bas56k.asm:3429
STALL                           = $0A66 ; addr, local, , bas56k_asm, , bas56k.asm:1269
START                           = $01AA ; addr, local, , int56k_asm, init, int56k.asm:299
STKTHS                          = $0F35 ; addr, local, , bas56k_asm, , bas56k.asm:1922
STLOOK                          = $2354 ; const, local, , bas56k_asm, , bas56k.asm:118
STOP                            = $0A77 ; addr, local, , bas56k_asm, , bas56k.asm:1280
STORED                          = $0B43 ; addr, local, , bas56k_asm, , bas56k.asm:1393
STPOOL                          = $1445 ; addr, local, , bas56k_asm, , bas56k.asm:2684
STR1                            = $132A ; addr, local, , bas56k_asm, , bas56k.asm:2527
STR                             = $1324 ; addr, local, , bas56k_asm, , bas56k.asm:2525
STRADD                          = $1448 ; addr, local, , bas56k_asm, , bas56k.asm:2686
STRBOT                          = $22BA ; const, local, , bas56k_asm, , bas56k.asm:95
STRENT                          = $0DED ; addr, local, , bas56k_asm, , bas56k.asm:1749
STRSPC                          = $2251 ; const, local, , bas56k_asm, , bas56k.asm:82
STTLIN                          = $0CD9 ; addr, local, , bas56k_asm, , bas56k.asm:1611
SUBCDE                          = $1649 ; addr, local, , bas56k_asm, , bas56k.asm:3021
SUBPHL                          = $1643 ; addr, local, , bas56k_asm, , bas56k.asm:3017
SUMLP                           = $1C24 ; addr, local, , bas56k_asm, , bas56k.asm:3922
SUMSER                          = $1BFF ; addr, local, , bas56k_asm, , bas56k.asm:3905
SUPTLZ                          = $1AEB ; addr, local, , bas56k_asm, , bas56k.asm:3768
SVNAM2                          = $10CC ; addr, local, , bas56k_asm, , bas56k.asm:2165
SVSTAD                          = $1352 ; addr, local, , bas56k_asm, , bas56k.asm:2553
TAN                             = $1D36 ; addr, local, , bas56k_asm, , bas56k.asm:4057
TEMPSTACK                       = $22A2 ; const, local, , int56k_asm, , rc2014_config.inc:32
TESTOS                          = $13D8 ; addr, local, , bas56k_asm, , bas56k.asm:2634
TESTR                           = $13BA ; addr, local, , bas56k_asm, , bas56k.asm:2614
TM                              = $0018 ; const, local, , bas56k_asm, , bas56k.asm:136
TMERR                           = $05DE ; addr, local, , bas56k_asm, , bas56k.asm:608
TMPSTR                          = $22B6 ; const, local, , bas56k_asm, , bas56k.asm:94
TMSTPL                          = $22AA ; const, local, , bas56k_asm, , bas56k.asm:93
TMSTPT                          = $22A8 ; const, local, , bas56k_asm, , bas56k.asm:92
TOPOOL                          = $153B ; addr, local, , bas56k_asm, , bas56k.asm:2852
TOSTRA                          = $14D3 ; addr, local, , bas56k_asm, , bas56k.asm:2783
TRYAGN                          = $1AC1 ; addr, local, , bas56k_asm, , bas56k.asm:3740
TSALP                           = $14D4 ; addr, local, , bas56k_asm, , bas56k.asm:2784
TSTBRK                          = $0A55 ; addr, local, , bas56k_asm, , bas56k.asm:1257
TSTMEM                          = $0295 ; addr, local, , bas56k_asm, , bas56k.asm:192
TSTNUM                          = $0EC6 ; addr, local, , bas56k_asm, , bas56k.asm:1857
TSTOPL                          = $137A ; addr, local, , bas56k_asm, , bas56k.asm:2581
TSTRED                          = $102B ; addr, local, , bas56k_asm, , bas56k.asm:2063
TSTREM                          = $07C1 ; addr, local, , bas56k_asm, , bas56k.asm:885
TSTSGN                          = $18A6 ; addr, local, , bas56k_asm, , bas56k.asm:3397
TSTSTR                          = $0EC7 ; addr, local, , bas56k_asm, , bas56k.asm:1858
TTYLIN                          = $0811 ; addr, local, , bas56k_asm, , bas56k.asm:931
TXA                             = $0100 ; addr, local, , int56k_asm, acia_txa, int56k.asm:170
TYPE                            = $22A4 ; const, local, , bas56k_asm, , bas56k.asm:89
UF                              = $0022 ; const, local, , bas56k_asm, , bas56k.asm:141
UFERR                           = $05D8 ; addr, public, , bas56k_asm, , bas56k.asm:604
UL                              = $000E ; const, local, , bas56k_asm, , bas56k.asm:131
ULERR                           = $0B9C ; addr, local, , bas56k_asm, , bas56k.asm:1442
UNITY                           = $173E ; addr, local, , bas56k_asm, , bas56k.asm:3187
UPDATA                          = $0A50 ; addr, local, , bas56k_asm, , bas56k.asm:1252
USR                             = $2203 ; const, local, , bas56k_asm, , bas56k.asm:59
VAL                             = $15A9 ; addr, local, , bas56k_asm, , bas56k.asm:2926
VAREND                          = $22CF ; const, local, , bas56k_asm, , bas56k.asm:107
VECTOR_BASE                     = $2000 ; const, local, , int56k_asm, , rc2014.inc:56
VECTOR_BASE                     = $2000 ; const, local, , page0_asm, , rc2014.inc:56
VECTOR_BASE                     = $2000 ; const, local, , rc2014_map_asm, , rc2014.inc:56
VECTOR_PROTO                    = $003C ; const, local, , int56k_asm, , rc2014.inc:60
VECTOR_PROTO                    = $003C ; const, local, , page0_asm, , rc2014.inc:60
VECTOR_PROTO                    = $003C ; const, local, , rc2014_map_asm, , rc2014.inc:60
VECTOR_SIZE                     = $0024 ; const, local, , int56k_asm, , rc2014.inc:61
VECTOR_SIZE                     = $0024 ; const, local, , page0_asm, , rc2014.inc:61
VECTOR_SIZE                     = $0024 ; const, local, , rc2014_map_asm, , rc2014.inc:61
WAIT                            = $15E0 ; addr, local, , bas56k_asm, , bas56k.asm:2965
WAITLP                          = $15F5 ; addr, local, , bas56k_asm, , bas56k.asm:2975
WARM                            = $0243 ; addr, local, , bas56k_asm, , bas56k.asm:150
WARMST                          = $02DF ; addr, local, , bas56k_asm, , bas56k.asm:231
WARMSTART                       = $01E1 ; addr, local, , int56k_asm, init, int56k.asm:330
WIDTH                           = $1DAD ; addr, local, , bas56k_asm, , bas56k.asm:4108
WORDS                           = $036D ; addr, local, , bas56k_asm, , bas56k.asm:274
WORDTB                          = $047E ; addr, local, , bas56k_asm, , bas56k.asm:361
WRKSPC                          = $2200 ; const, public, , bas56k_asm, , bas56k.asm:58
WRKSPC                          = $2200 ; const, local, , int56k_asm, , rc2014_config.inc:29
WRKSPC                          = $2200 ; const, local, , page0_asm, , rc2014_config.inc:29
WRKSPC                          = $2200 ; const, local, , rc2014_map_asm, , rc2014_config.inc:29
ZAMP                            = $00AB ; const, local, , bas56k_asm, , bas56k.asm:417
ZDATA                           = $0083 ; const, local, , bas56k_asm, , bas56k.asm:402
ZEND                            = $0080 ; const, local, , bas56k_asm, , bas56k.asm:400
ZEQUAL                          = $00B4 ; const, local, , bas56k_asm, , bas56k.asm:424
ZERARY                          = $120D ; addr, local, , bas56k_asm, , bas56k.asm:2354
ZERBYT                          = $0568 ; addr, local, , bas56k_asm, , bas56k.asm:534
ZEROLP                          = $1151 ; addr, local, , bas56k_asm, , bas56k.asm:2235
ZFN                             = $00A6 ; const, local, , bas56k_asm, , bas56k.asm:411
ZFOR                            = $0081 ; const, local, , bas56k_asm, , bas56k.asm:401
ZGOSUB                          = $008C ; const, local, , bas56k_asm, , bas56k.asm:404
ZGOTO                           = $0088 ; const, local, , bas56k_asm, , bas56k.asm:403
ZGTR                            = $00B3 ; const, local, , bas56k_asm, , bas56k.asm:423
ZLEFT                           = $00CD ; const, local, , bas56k_asm, , bas56k.asm:427
ZLTH                            = $00B5 ; const, local, , bas56k_asm, , bas56k.asm:425
ZMINUS                          = $00AD ; const, local, , bas56k_asm, , bas56k.asm:419
ZNEW                            = $00A3 ; const, local, , bas56k_asm, , bas56k.asm:407
ZNOT                            = $00A9 ; const, local, , bas56k_asm, , bas56k.asm:414
ZONELP                          = $0D10 ; addr, local, , bas56k_asm, , bas56k.asm:1639
ZOR                             = $00B2 ; const, local, , bas56k_asm, , bas56k.asm:422
ZPLUS                           = $00AC ; const, local, , bas56k_asm, , bas56k.asm:418
ZPRINT                          = $009E ; const, local, , bas56k_asm, , bas56k.asm:406
ZREM                            = $008E ; const, local, , bas56k_asm, , bas56k.asm:405
ZSGN                            = $00B6 ; const, local, , bas56k_asm, , bas56k.asm:426
ZSPC                            = $00A7 ; const, local, , bas56k_asm, , bas56k.asm:412
ZSTEP                           = $00AA ; const, local, , bas56k_asm, , bas56k.asm:415
ZTAB                            = $00A4 ; const, local, , bas56k_asm, , bas56k.asm:409
ZTHEN                           = $00A8 ; const, local, , bas56k_asm, , bas56k.asm:413
ZTO                             = $00A5 ; const, local, , bas56k_asm, , bas56k.asm:410
__acia_interrupt_head           = $0070 ; const, public, def, , ,
__acia_interrupt_size           = $0066 ; const, public, def, , ,
__acia_interrupt_tail           = $00D6 ; const, public, def, , ,
__acia_rxa_head                 = $00D8 ; const, public, def, , ,
__acia_rxa_size                 = $0028 ; const, public, def, , ,
__acia_rxa_tail                 = $0100 ; const, public, def, , ,
__acia_txa_head                 = $0100 ; const, public, def, , ,
__acia_txa_size                 = $0043 ; const, public, def, , ,
__acia_txa_tail                 = $0143 ; const, public, def, , ,
__head                          = $0240 ; const, public, def, , ,
__init_head                     = $0148 ; const, public, def, , ,
__init_size                     = $00A6 ; const, public, def, , ,
__init_strings_head             = $01F0 ; const, public, def, , ,
__init_strings_size             = $004B ; const, public, def, , ,
__init_strings_tail             = $023B ; const, public, def, , ,
__init_tail                     = $01EE ; const, public, def, , ,
__size                          = $FFFFFFFFFFFFFFFB ; const, public, def, , ,
__tail                          = $023B ; const, public, def, , ,
__vector_nmi_head               = $0066 ; const, public, def, , ,
__vector_nmi_size               = $0003 ; const, public, def, , ,
__vector_nmi_tail               = $0069 ; const, public, def, , ,
__vector_null_ret_head          = $0060 ; const, public, def, , ,
__vector_null_ret_size          = $0002 ; const, public, def, , ,
__vector_null_ret_tail          = $0062 ; const, public, def, , ,
__vector_rst_head               = $0000 ; const, public, def, , ,
__vector_rst_size               = $003B ; const, public, def, , ,
__vector_rst_tail               = $003B ; const, public, def, , ,
__vector_table_prototype_head   = $003C ; const, public, def, , ,
__vector_table_prototype_size   = $0024 ; const, public, def, , ,
__vector_table_prototype_tail   = $0060 ; const, public, def, , ,
acia_int                        = $0070 ; addr, local, , int56k_asm, acia_interrupt, int56k.asm:50
acia_rx_get                     = $0077 ; addr, local, , int56k_asm, acia_interrupt, int56k.asm:58
acia_tei_clear                  = $00C7 ; addr, local, , int56k_asm, acia_interrupt, int56k.asm:114
acia_tx_check                   = $00A2 ; addr, local, , int56k_asm, acia_interrupt, int56k.asm:85
acia_tx_send                    = $00A7 ; addr, local, , int56k_asm, acia_interrupt, int56k.asm:90
acia_txa_end                    = $00D1 ; addr, local, , int56k_asm, acia_interrupt, int56k.asm:120
basicStarted                    = $202F ; const, local, , int56k_asm, , rc2014.inc:160
rxa_get_byte                    = $00F1 ; addr, local, , int56k_asm, acia_rxa, int56k.asm:153
serControl                      = $202E ; const, local, , int56k_asm, , rc2014.inc:158
serControl                      = $202E ; const, local, , page0_asm, , rc2014.inc:158
serControl                      = $202E ; const, local, , rc2014_map_asm, , rc2014.inc:158
serRxBuf                        = $2100 ; const, local, , int56k_asm, , rc2014.inc:169
serRxBufUsed                    = $202C ; const, local, , int56k_asm, , rc2014.inc:156
serRxBufUsed                    = $202C ; const, local, , page0_asm, , rc2014.inc:156
serRxBufUsed                    = $202C ; const, local, , rc2014_map_asm, , rc2014.inc:156
serRxInPtr                      = $2024 ; const, local, , int56k_asm, , rc2014.inc:152
serRxInPtr                      = $2024 ; const, local, , page0_asm, , rc2014.inc:152
serRxInPtr                      = $2024 ; const, local, , rc2014_map_asm, , rc2014.inc:152
serRxOutPtr                     = $2026 ; const, local, , int56k_asm, , rc2014.inc:153
serRxOutPtr                     = $2026 ; const, local, , page0_asm, , rc2014.inc:153
serRxOutPtr                     = $2026 ; const, local, , rc2014_map_asm, , rc2014.inc:153
serTxBuf                        = $2080 ; const, local, , int56k_asm, , rc2014.inc:168
serTxBufUsed                    = $202D ; const, local, , int56k_asm, , rc2014.inc:157
serTxBufUsed                    = $202D ; const, local, , page0_asm, , rc2014.inc:157
serTxBufUsed                    = $202D ; const, local, , rc2014_map_asm, , rc2014.inc:157
serTxInPtr                      = $2028 ; const, local, , int56k_asm, , rc2014.inc:154
serTxInPtr                      = $2028 ; const, local, , page0_asm, , rc2014.inc:154
serTxInPtr                      = $2028 ; const, local, , rc2014_map_asm, , rc2014.inc:154
serTxOutPtr                     = $202A ; const, local, , int56k_asm, , rc2014.inc:155
serTxOutPtr                     = $202A ; const, local, , page0_asm, , rc2014.inc:155
serTxOutPtr                     = $202A ; const, local, , rc2014_map_asm, , rc2014.inc:155
txa_buffer_out                  = $0113 ; addr, local, , int56k_asm, acia_txa, int56k.asm:188
