/tmp/tmpXXaw3gva.asm:
     1                          MODULE rom_init_asm
     2                          LINE 0, "rom_init.asm"
rom_init.asm:
                                
     1                          ; MIT License
     2                          ;
     3                          ; Copyright (c) 2023 Justin Skists
     4                          ;
     5                          ; Permission is hereby granted, free of charge, to any person obtaining a copy
     6                          ; of this software and associated documentation files (the "Software"), to deal
     7                          ; in the Software without restriction, including without limitation the rights
     8                          ; to use, copy, modify, merge, publish, distribute, sublicense, and/or sell
     9                          ; copies of the Software, and to permit persons to whom the Software is
    10                          ; furnished to do so, subject to the following conditions:
    11                          ;
    12                          ; The above copyright notice and this permission notice shall be included in all
    13                          ; copies or substantial portions of the Software.
    14                          ;
    15                          ; THE SOFTWARE IS PROVIDED "AS IS", WITHOUT WARRANTY OF ANY KIND, EXPRESS OR
    16                          ; IMPLIED, INCLUDING BUT NOT LIMITED TO THE WARRANTIES OF MERCHANTABILITY,
    17                          ; FITNESS FOR A PARTICULAR PURPOSE AND NONINFRINGEMENT. IN NO EVENT SHALL THE
    18                          ; AUTHORS OR COPYRIGHT HOLDERS BE LIABLE FOR ANY CLAIM, DAMAGES OR OTHER
    19                          ; LIABILITY, WHETHER IN AN ACTION OF CONTRACT, TORT OR OTHERWISE, ARISING FROM,
    20                          ; OUT OF OR IN CONNECTION WITH THE SOFTWARE OR THE USE OR OTHER DEALINGS IN THE
    21                          ; SOFTWARE.
    22                          
    23                          EXTERN acia_init
    24                          
    25                          
    26                          SECTION code_crt_init
    27                          
    28  0000  cd0000                call acia_init
    29                          
    30                          
    31                          SECTION RC2014
    32                          
    33                          ORG 0x1fd6
    34  0000  7f7f4848487f373e      DB 127,127,72,72,72,127,55,62,127,65,65,65,99,34,39,111,73,73,89,115,5,62,127,67,93,97,127,62,1,33,127,127,1,1,28,124,100,4,127,127,4
              7f4141416322276f  
              49495973053e7f43  
              5d617f3e01217f7f  
              01011c7c64047f7f  
              04                
    35                          
